{
  "version": "1.1.0",
  "plugins_used": [
    {
      "name": "AWSKeyDetector"
    },
    {
      "name": "ArtifactoryDetector"
    },
    {
      "name": "AzureStorageKeyDetector"
    },
    {
      "name": "Base64HighEntropyString",
      "limit": 4.5
    },
    {
      "name": "BasicAuthDetector"
    },
    {
      "name": "CloudantDetector"
    },
    {
      "name": "GheDetector"
    },
    {
      "name": "GitleaksDetector"
    },
    {
      "name": "GitlabTokenDetector"
    },
    {
      "name": "HexHighEntropyString",
      "limit": 3.0
    },
    {
      "name": "IbmCloudIamDetector"
    },
    {
      "name": "IbmCosHmacDetector"
    },
    {
      "name": "JwtDetector"
    },
    {
      "name": "KeywordDetector",
      "keyword_exclude": ""
    },
    {
      "name": "MailchimpDetector"
    },
    {
      "name": "NpmDetector"
    },
    {
      "name": "PrivateKeyDetector"
    },
    {
      "name": "PypiTokenDetector"
    },
    {
      "name": "SendGridDetector"
    },
    {
      "name": "SlackDetector"
    },
    {
      "name": "SoftlayerDetector"
    },
    {
      "name": "SquareOAuthDetector"
    },
    {
      "name": "StripeDetector"
    },
    {
      "name": "TwilioApiKeyDetector"
    }
  ],
  "filters_used": [],
  "results": {},
  "metrics": {
    "files_scanned": 0,
    "files_evaluated": 0,
    "files_with_secrets": 0,
    "secret_lines": 0,
    "total_signatures": 0,
    "total_occurrences": 0
  }
}
